// Jest Snapshot v1, https://goo.gl/fbAQLP

exports[`expect home expect home 1`] = `
<div>
  <div>
    <h2
      class="sc-bczRLJ dAxGnW"
    >
      Home Screen do Projeto :)
    </h2>
    <p
      class="sc-bczRLJ dAxGnW"
    >
      Resultado da soma do commons: 
      4
    </p>
  </div>
</div>
`;
