// Jest Snapshot v1, https://goo.gl/fbAQLP

exports[`expect home expect home 1`] = `
.c0 {
  font-family: sans-serif;
}

<div>
  <div>
    <h2
      class="c0"
    >
      Home Screen do Projeto :)
    </h2>
    <p
      class="c0"
    >
      Resultado da soma do commons: 
      4
    </p>
  </div>
</div>
`;
